// Jest Snapshot v1, https://goo.gl/fbAQLP

exports[`Toast should render correctly 1`] = `
<div>
  <div
    aria-label="Notifications (F8)"
    role="region"
    style=""
    tabindex="-1"
  >
    <span
      aria-hidden="true"
      style="position: fixed; border: 0px; width: 1px; height: 1px; padding: 0px; margin: -1px; overflow: hidden; clip: rect(0px, 0px, 0px, 0px); white-space: nowrap; word-wrap: normal;"
      tabindex="0"
    />
    <ol
      class="fixed top-0 z-[100] flex max-h-screen w-full flex-col-reverse p-4 sm:bottom-0 sm:right-0 sm:top-auto sm:flex-col md:max-w-[420px]"
      tabindex="-1"
    >
      <li
        aria-atomic="true"
        aria-live="off"
        class="group pointer-events-auto relative flex w-full items-center justify-between space-x-2 overflow-hidden rounded-md p-4 pr-6 shadow-lg data-[swipe=cancel]:translate-x-0 data-[swipe=end]:translate-x-[var(--radix-toast-swipe-end-x)] data-[swipe=move]:translate-x-[var(--radix-toast-swipe-move-x)] data-[swipe=move]:transition-none border border-default-100 bg-default text-default-foreground transition-all data-[state=open]:animate-in data-[state=closed]:animate-out data-[swipe=end]:animate-out data-[state=closed]:fade-out-80 data-[state=closed]:slide-out-to-right-full data-[state=open]:slide-in-from-top-full data-[state=open]:sm:slide-in-from-bottom-full"
        data-radix-collection-item=""
        data-state="open"
        data-swipe-direction="right"
        role="status"
        style="user-select: none;"
        tabindex="0"
      >
        <div
          class="grid gap-1"
        >
          <div
            class="text-sm font-semibold [&+div]:text-xs"
          >
            Something went wrong
          </div>
        </div>
        <button
          class="absolute right-1 top-1 rounded-md p-1 text-foreground/50 opacity-0 transition-opacity hover:text-foreground focus:opacity-100 focus:outline-none focus:ring-1 group-hover:opacity-100 group-[.danger]:text-danger-300 group-[.danger]:hover:text-danger-50 group-[.danger]:focus:ring-danger-400 group-[.danger]:focus:ring-offset-danger-600 group-[.success]:text-success-300 group-[.success]:hover:text-success-50 group-[.success]:focus:ring-success-400 group-[.success]:focus:ring-offset-success-600 group-[.warning]:text-warning-300 group-[.warning]:hover:text-warning-50 group-[.warning]:focus:ring-warning-400 group-[.warning]:focus:ring-offset-warning-600 group-[.primary]:text-primary-300 group-[.primary]:hover:text-primary-50 group-[.primary]:focus:ring-primary-400 group-[.primary]:focus:ring-offset-primary-600 group-[.secondary]:text-secondary-300 group-[.secondary]:hover:text-secondary-50 group-[.secondary]:focus:ring-secondary-400 group-[.secondary]:focus:ring-offset-secondary-600"
          data-radix-toast-announce-exclude=""
          toast-close=""
          type="button"
        >
          <svg
            class="tabler-icon tabler-icon-x h-4 w-4"
            fill="none"
            height="24"
            stroke="currentColor"
            stroke-linecap="round"
            stroke-linejoin="round"
            stroke-width="2"
            viewBox="0 0 24 24"
            width="24"
            xmlns="http://www.w3.org/2000/svg"
          >
            <path
              d="M18 6l-12 12"
            />
            <path
              d="M6 6l12 12"
            />
          </svg>
        </button>
      </li>
    </ol>
    <span
      aria-hidden="true"
      style="position: fixed; border: 0px; width: 1px; height: 1px; padding: 0px; margin: -1px; overflow: hidden; clip: rect(0px, 0px, 0px, 0px); white-space: nowrap; word-wrap: normal;"
      tabindex="0"
    />
  </div>
</div>
`;
