// Jest Snapshot v1, https://goo.gl/fbAQLP

exports[`DocsLink should render correctly 1`] = `
<div>
  <a
    class="tap-highlight-transparent outline-none data-[focus-visible=true]:z-10 data-[focus-visible=true]:outline-2 data-[focus-visible=true]:outline-focus data-[focus-visible=true]:outline-offset-2 text-medium text-primary no-underline hover:opacity-80 active:opacity-disabled transition-opacity group relative flex items-center gap-2"
    href="#title"
    role="link"
    tabindex="0"
  >
    Title
    <span
      class="text-primary dark:text-primary-300 opacity-0 transition-opacity group-hover:opacity-100"
    >
      #
    </span>
  </a>
</div>
`;
